\BOOKMARK [1][-]{section.1}{\376\377\137\025\212\000}{}% 1
\BOOKMARK [2][-]{subsection.1.1}{\376\377\166\370\121\163\135\345\117\134\116\016\170\024\172\166\135\356\137\002}{section.1}% 2
\BOOKMARK [1][-]{section.2}{\376\377\225\356\230\230\133\232\116\111\116\016\173\046\123\367\176\246\133\232}{}% 3
\BOOKMARK [2][-]{subsection.2.1}{\376\377\147\345\213\342\060\001\213\301\143\156\116\016\147\345\213\342\145\366\122\073\167\345\213\306\137\353\161\147}{section.2}% 4
\BOOKMARK [2][-]{subsection.2.2}{\376\377\172\357\122\060\172\357\116\373\122\241\217\223\121\372\116\016\213\304\116\367\217\271\165\114}{section.2}% 5
\BOOKMARK [2][-]{subsection.2.3}{\376\377\000T\000e\000m\000p\000o\000r\000a\000l\000\040\000E\000v\000i\000d\000e\000n\000c\000e\000\040\000F\000l\000o\000w}{section.2}% 6
\BOOKMARK [2][-]{subsection.2.4}{\376\377\226\306\124\010\176\247\166\321\167\143\116\016\171\273\176\277\213\304\116\367\217\271\165\114}{section.2}% 7
\BOOKMARK [1][-]{section.3}{\376\377\000T\000E\000F\000-\000R\000A\000G\000\040\145\271\154\325}{}% 8
\BOOKMARK [2][-]{subsection.3.1}{\376\377\120\031\220\011\213\301\143\156\121\306\131\007\116\016\145\366\136\217\124\010\154\325\140\047}{section.3}% 9
\BOOKMARK [2][-]{subsection.3.2}{\376\377\133\146\116\140\137\017\000\040\000P\000a\000i\000r\000\040\000P\000r\000o\000p\000o\000s\000a\000l\000\040\116\016\147\345\213\342\147\141\116\366\123\026\121\163\174\373\122\044\145\255}{section.3}% 10
\BOOKMARK [2][-]{subsection.3.3}{\376\377\120\031\220\011\213\301\143\156\226\306\124\010\147\204\220\040}{section.3}% 11
\BOOKMARK [2][-]{subsection.3.4}{\376\377\227\136\176\277\140\047\000\040\000P\000a\000i\000r\000w\000i\000s\000e\000\040\000S\000e\000t\000\040\000R\000a\000n\000k\000i\000n\000g\000\040\116\016\126\360\226\276\215\037\150\067\147\054\143\026\143\230}{section.3}% 12
\BOOKMARK [2][-]{subsection.3.5}{\376\377\213\301\143\156\155\101\232\161\122\250\166\204\150\007\121\306\123\026\135\345\123\125\116\016\121\167\216\253\143\007\116\344\165\037\142\020\143\245\123\343}{section.3}% 13
\BOOKMARK [1][-]{section.4}{\376\377\133\236\232\214\213\276\213\241}{}% 14
\BOOKMARK [2][-]{subsection.4.1}{\376\377\000T\000E\000F\000-\000R\000A\000G\000\040\000v\0006\000\040\000S\000e\000m\000a\000n\000t\000i\000c\000\040\000B\000e\000n\000c\000h\000m\000a\000r\000k\000\040\000v\0001}{section.4}% 15
\BOOKMARK [2][-]{subsection.4.2}{\376\377\176\323\147\204\123\026\165\037\142\020\213\304\116\367\226\306}{section.4}% 16
\BOOKMARK [2][-]{subsection.4.3}{\376\377\133\371\153\324\145\271\154\325}{section.4}% 17
\BOOKMARK [2][-]{subsection.4.4}{\376\377\133\236\232\214\213\276\177\156\116\016\121\273\176\323\123\117\213\256}{section.4}% 18
\BOOKMARK [2][-]{subsection.4.5}{\376\377\213\304\116\367\143\007\150\007}{section.4}% 19
\BOOKMARK [1][-]{section.5}{\376\377\133\236\232\214\176\323\147\234}{}% 20
\BOOKMARK [2][-]{subsection.5.1}{\376\377\150\300\175\042\116\073\176\323\147\234}{section.5}% 21
\BOOKMARK [2][-]{subsection.5.2}{\376\377\116\013\156\070\176\323\147\204\123\026\165\037\142\020\176\323\147\234}{section.5}% 22
\BOOKMARK [2][-]{subsection.5.3}{\376\377\217\333\116\000\153\145\122\006\147\220}{section.5}% 23
\BOOKMARK [1][-]{section.6}{\376\377\213\250\213\272}{}% 24
\BOOKMARK [1][-]{section.7}{\376\377\134\100\226\120\140\047\116\016\147\011\145\110\140\047\132\001\200\301}{}% 25
\BOOKMARK [1][-]{section.8}{\376\377\176\323\213\272}{}% 26
\BOOKMARK [1][-]{section*.1}{\376\377\000R\000e\000f\000e\000r\000e\000n\000c\000e\000s}{}% 27
